// Jest Snapshot v1, https://goo.gl/fbAQLP

exports[`HomeComponent should shallows correctly 1`] = `
<Fragment>
  <HeaderComponent />
  <styled.div>
    <styled.div>
      This is react example gallery.
    </styled.div>
  </styled.div>
</Fragment>
`;
